#! /usr/bin/vvp
:ivl_version "12.0 (stable)" "(v12_0-dirty)";
:ivl_delay_selection "TYPICAL";
:vpi_time_precision + 0;
:vpi_module "/usr/lib/ivl/system.vpi";
:vpi_module "/usr/lib/ivl/vhdl_sys.vpi";
:vpi_module "/usr/lib/ivl/vhdl_textio.vpi";
:vpi_module "/usr/lib/ivl/v2005_math.vpi";
:vpi_module "/usr/lib/ivl/va_math.vpi";
:vpi_module "/usr/lib/ivl/v2009.vpi";
S_0x560a80ed84c0 .scope package, "$unit" "$unit" 2 1;
 .timescale 0 0;
S_0x560a80ed8650 .scope module, "bin8_to_bcd" "bin8_to_bcd" 3 1;
 .timescale 0 0;
    .port_info 0 /INPUT 8 "bin";
    .port_info 1 /OUTPUT 4 "hundreds";
    .port_info 2 /OUTPUT 4 "tens";
    .port_info 3 /OUTPUT 4 "ones";
o0x7f3472691018 .functor BUFZ 8, C4<zzzzzzzz>; HiZ drive
v0x560a80ed8850_0 .net "bin", 7 0, o0x7f3472691018;  0 drivers
v0x560a80f27110_0 .var "hundreds", 3 0;
v0x560a80f271f0_0 .var/i "i", 31 0;
v0x560a80f272b0_0 .var "ones", 3 0;
v0x560a80f27390_0 .var "shift", 19 0;
v0x560a80f274c0_0 .var "tens", 3 0;
E_0x560a80f11ec0 .event anyedge, v0x560a80ed8850_0, v0x560a80f27390_0;
    .scope S_0x560a80ed8650;
T_0 ;
    %wait E_0x560a80f11ec0;
    %pushi/vec4 0, 0, 12;
    %load/vec4 v0x560a80ed8850_0;
    %concat/vec4; draw_concat_vec4
    %store/vec4 v0x560a80f27390_0, 0, 20;
    %pushi/vec4 0, 0, 32;
    %store/vec4 v0x560a80f271f0_0, 0, 32;
T_0.0 ;
    %load/vec4 v0x560a80f271f0_0;
    %cmpi/s 8, 0, 32;
    %jmp/0xz T_0.1, 5;
    %load/vec4 v0x560a80f27390_0;
    %parti/s 4, 12, 5;
    %pad/u 32;
    %cmpi/u 5, 0, 32;
    %flag_inv 5; GE is !LT
    %jmp/0xz  T_0.2, 5;
    %load/vec4 v0x560a80f27390_0;
    %parti/s 4, 12, 5;
    %addi 3, 0, 4;
    %ix/load 4, 12, 0;
    %flag_set/imm 4, 0;
    %store/vec4 v0x560a80f27390_0, 4, 4;
T_0.2 ;
    %load/vec4 v0x560a80f27390_0;
    %parti/s 4, 8, 5;
    %pad/u 32;
    %cmpi/u 5, 0, 32;
    %flag_inv 5; GE is !LT
    %jmp/0xz  T_0.4, 5;
    %load/vec4 v0x560a80f27390_0;
    %parti/s 4, 8, 5;
    %addi 3, 0, 4;
    %ix/load 4, 8, 0;
    %flag_set/imm 4, 0;
    %store/vec4 v0x560a80f27390_0, 4, 4;
T_0.4 ;
    %load/vec4 v0x560a80f27390_0;
    %parti/s 4, 4, 4;
    %pad/u 32;
    %cmpi/u 5, 0, 32;
    %flag_inv 5; GE is !LT
    %jmp/0xz  T_0.6, 5;
    %load/vec4 v0x560a80f27390_0;
    %parti/s 4, 4, 4;
    %addi 3, 0, 4;
    %ix/load 4, 4, 0;
    %flag_set/imm 4, 0;
    %store/vec4 v0x560a80f27390_0, 4, 4;
T_0.6 ;
    %load/vec4 v0x560a80f27390_0;
    %ix/load 4, 1, 0;
    %flag_set/imm 4, 0;
    %shiftl 4;
    %store/vec4 v0x560a80f27390_0, 0, 20;
    %load/vec4 v0x560a80f271f0_0;
    %addi 1, 0, 32;
    %store/vec4 v0x560a80f271f0_0, 0, 32;
    %jmp T_0.0;
T_0.1 ;
    %load/vec4 v0x560a80f27390_0;
    %parti/s 4, 12, 5;
    %store/vec4 v0x560a80f27110_0, 0, 4;
    %load/vec4 v0x560a80f27390_0;
    %parti/s 4, 8, 5;
    %store/vec4 v0x560a80f274c0_0, 0, 4;
    %load/vec4 v0x560a80f27390_0;
    %parti/s 4, 4, 4;
    %store/vec4 v0x560a80f272b0_0, 0, 4;
    %jmp T_0;
    .thread T_0, $push;
    .scope S_0x560a80ed8650;
T_1 ;
    %vpi_call/w 3 29 "$display", "Unidades 4-bit: %d", v0x560a80f271f0_0 {0 0 0};
    %vpi_call/w 3 31 "$display", "Decenas 4-bit: %d", v0x560a80f274c0_0 {0 0 0};
    %vpi_call/w 3 34 "$display", "Centenas 4-bit: %d", v0x560a80f27110_0 {0 0 0};
    %end;
    .thread T_1;
# The file index is used to find the file name in the following table.
:file_names 4;
    "N/A";
    "<interactive>";
    "-";
    "lab-03/whatever.v";
