#! /usr/bin/vvp
:ivl_version "12.0 (stable)" "(v12_0-dirty)";
:ivl_delay_selection "TYPICAL";
:vpi_time_precision + 0;
:vpi_module "/usr/lib/ivl/system.vpi";
:vpi_module "/usr/lib/ivl/vhdl_sys.vpi";
:vpi_module "/usr/lib/ivl/vhdl_textio.vpi";
:vpi_module "/usr/lib/ivl/v2005_math.vpi";
:vpi_module "/usr/lib/ivl/va_math.vpi";
:vpi_module "/usr/lib/ivl/v2009.vpi";
S_0x5651bb644a00 .scope package, "$unit" "$unit" 2 1;
 .timescale 0 0;
S_0x5651bb639380 .scope module, "sum_rest_top" "sum_rest_top" 3 4;
 .timescale 0 0;
    .port_info 0 /INPUT 4 "A";
    .port_info 1 /INPUT 4 "B";
    .port_info 2 /INPUT 1 "Sel";
    .port_info 3 /OUTPUT 5 "So_final";
    .port_info 4 /OUTPUT 1 "signo";
L_0x5651bb669690 .functor NOT 1, L_0x5651bb6699c0, C4<0>, C4<0>, C4<0>;
o0x7f92b8913dc8 .functor BUFZ 1, C4<z>; HiZ drive
L_0x5651bb66a120 .functor AND 1, o0x7f92b8913dc8, L_0x5651bb669690, C4<1>, C4<1>;
L_0x5651bb669c60 .functor BUFZ 1, L_0x5651bb66a120, C4<0>, C4<0>, C4<0>;
o0x7f92b8914728 .functor BUFZ 4, C4<zzzz>; HiZ drive
v0x5651bb666e60_0 .net "A", 3 0, o0x7f92b8914728;  0 drivers
o0x7f92b8914758 .functor BUFZ 4, C4<zzzz>; HiZ drive
v0x5651bb666f40_0 .net "B", 3 0, o0x7f92b8914758;  0 drivers
v0x5651bb667010_0 .net "Co", 0 0, L_0x5651bb6699c0;  1 drivers
v0x5651bb6670e0_0 .net "Co_aux", 0 0, L_0x5651bb66a120;  1 drivers
v0x5651bb6671d0_0 .net "Sel", 0 0, o0x7f92b8913dc8;  0 drivers
v0x5651bb667310_0 .net "So", 3 0, L_0x5651bb669eb0;  1 drivers
v0x5651bb667400_0 .net "So_final", 4 0, L_0x5651bb66c830;  1 drivers
v0x5651bb6674c0_0 .net "So_inter", 3 0, L_0x5651bb66c5b0;  1 drivers
v0x5651bb667580_0 .net *"_ivl_0", 0 0, L_0x5651bb669690;  1 drivers
L_0x7f92b88ca060 .functor BUFT 1, C4<0>, C4<0>, C4<0>, C4<0>;
v0x5651bb6676d0_0 .net/2u *"_ivl_6", 0 0, L_0x7f92b88ca060;  1 drivers
v0x5651bb6677b0_0 .net *"_ivl_8", 0 0, L_0x5651bb66c790;  1 drivers
v0x5651bb667890_0 .net "signo", 0 0, L_0x5651bb669c60;  1 drivers
L_0x5651bb66c790 .functor MUXZ 1, L_0x5651bb6699c0, L_0x7f92b88ca060, o0x7f92b8913dc8, C4<>;
L_0x5651bb66c830 .concat [ 4 1 0 0], L_0x5651bb66c5b0, L_0x5651bb66c790;
S_0x5651bb6434c0 .scope module, "sr2" "sumador_Restador4bit" 3 32, 4 2 0, S_0x5651bb639380;
 .timescale 0 0;
    .port_info 0 /INPUT 4 "A";
    .port_info 1 /INPUT 4 "B";
    .port_info 2 /INPUT 1 "Sel";
    .port_info 3 /OUTPUT 4 "So";
    .port_info 4 /OUTPUT 1 "Co";
L_0x5651bb66a2c0 .functor XOR 1, L_0x5651bb66a190, L_0x5651bb66a120, C4<0>, C4<0>;
L_0x5651bb66a460 .functor XOR 1, L_0x5651bb66a3c0, L_0x5651bb66a120, C4<0>, C4<0>;
L_0x5651bb66a570 .functor XOR 1, L_0x5651bb66a4d0, L_0x5651bb66a120, C4<0>, C4<0>;
L_0x5651bb66a890 .functor XOR 1, L_0x5651bb66a7f0, L_0x5651bb66a120, C4<0>, C4<0>;
L_0x7f92b88ca018 .functor BUFT 1, C4<0000>, C4<0>, C4<0>, C4<0>;
v0x5651bb6628c0_0 .net "A", 3 0, L_0x7f92b88ca018;  1 drivers
v0x5651bb6629c0_0 .net "B", 3 0, L_0x5651bb669eb0;  alias, 1 drivers
v0x5651bb662aa0_0 .net "Bx", 3 0, L_0x5651bb66a630;  1 drivers
v0x5651bb662b60_0 .net "Co", 0 0, L_0x5651bb66c060;  1 drivers
v0x5651bb662c30_0 .net "Cout", 3 0, L_0x5651bb66cb40;  1 drivers
v0x5651bb662d40_0 .net "Sel", 0 0, L_0x5651bb66a120;  alias, 1 drivers
v0x5651bb662de0_0 .net "So", 3 0, L_0x5651bb66c5b0;  alias, 1 drivers
v0x5651bb662ea0_0 .net *"_ivl_10", 0 0, L_0x5651bb66a460;  1 drivers
v0x5651bb662f80_0 .net *"_ivl_15", 0 0, L_0x5651bb66a4d0;  1 drivers
v0x5651bb6630f0_0 .net *"_ivl_16", 0 0, L_0x5651bb66a570;  1 drivers
v0x5651bb6631d0_0 .net *"_ivl_22", 0 0, L_0x5651bb66a7f0;  1 drivers
v0x5651bb6632b0_0 .net *"_ivl_23", 0 0, L_0x5651bb66a890;  1 drivers
v0x5651bb663390_0 .net *"_ivl_3", 0 0, L_0x5651bb66a190;  1 drivers
v0x5651bb663470_0 .net *"_ivl_4", 0 0, L_0x5651bb66a2c0;  1 drivers
o0x7f92b8913c18 .functor BUFZ 1, C4<z>; HiZ drive
; Elide local net with no drivers, v0x5651bb663550_0 name=_ivl_64
v0x5651bb663630_0 .net *"_ivl_9", 0 0, L_0x5651bb66a3c0;  1 drivers
L_0x5651bb66a190 .part L_0x5651bb669eb0, 0, 1;
L_0x5651bb66a3c0 .part L_0x5651bb669eb0, 1, 1;
L_0x5651bb66a4d0 .part L_0x5651bb669eb0, 2, 1;
L_0x5651bb66a630 .concat8 [ 1 1 1 1], L_0x5651bb66a2c0, L_0x5651bb66a460, L_0x5651bb66a570, L_0x5651bb66a890;
L_0x5651bb66a7f0 .part L_0x5651bb669eb0, 3, 1;
L_0x5651bb66aed0 .part L_0x7f92b88ca018, 0, 1;
L_0x5651bb66af70 .part L_0x5651bb66a630, 0, 1;
L_0x5651bb66b4d0 .part L_0x7f92b88ca018, 1, 1;
L_0x5651bb66b610 .part L_0x5651bb66a630, 1, 1;
L_0x5651bb66b6b0 .part L_0x5651bb66cb40, 0, 1;
L_0x5651bb66bba0 .part L_0x7f92b88ca018, 2, 1;
L_0x5651bb66bc40 .part L_0x5651bb66a630, 2, 1;
L_0x5651bb66bd50 .part L_0x5651bb66cb40, 1, 1;
L_0x5651bb66c2b0 .part L_0x7f92b88ca018, 3, 1;
L_0x5651bb66c3e0 .part L_0x5651bb66a630, 3, 1;
L_0x5651bb66c480 .part L_0x5651bb66cb40, 2, 1;
L_0x5651bb66c5b0 .concat8 [ 1 1 1 1], L_0x5651bb66ae60, L_0x5651bb66b410, L_0x5651bb66bae0, L_0x5651bb66c1f0;
L_0x5651bb66cb40 .concat [ 1 1 1 1], L_0x5651bb66ad20, L_0x5651bb66b2d0, L_0x5651bb66b9a0, o0x7f92b8913c18;
S_0x5651bb63a8b0 .scope module, "sum_n0" "sumadorOneBit" 4 19, 5 1 0, S_0x5651bb6434c0;
 .timescale 0 0;
    .port_info 0 /INPUT 1 "A";
    .port_info 1 /INPUT 1 "B";
    .port_info 2 /INPUT 1 "Cin";
    .port_info 3 /OUTPUT 1 "Co";
    .port_info 4 /OUTPUT 1 "So";
L_0x5651bb66a9d0 .functor XOR 1, L_0x5651bb66aed0, L_0x5651bb66af70, C4<0>, C4<0>;
L_0x5651bb66aa40 .functor AND 1, L_0x5651bb66aed0, L_0x5651bb66af70, C4<1>, C4<1>;
L_0x5651bb66ab50 .functor AND 1, L_0x5651bb66a9d0, L_0x5651bb66a120, C4<1>, C4<1>;
L_0x5651bb66ad20 .functor OR 1, L_0x5651bb66ab50, L_0x5651bb66aa40, C4<0>, C4<0>;
L_0x5651bb66ae60 .functor XOR 1, L_0x5651bb66a9d0, L_0x5651bb66a120, C4<0>, C4<0>;
v0x5651bb63f2f0_0 .net "A", 0 0, L_0x5651bb66aed0;  1 drivers
v0x5651bb639710_0 .net "B", 0 0, L_0x5651bb66af70;  1 drivers
v0x5651bb642320_0 .net "Cin", 0 0, L_0x5651bb66a120;  alias, 1 drivers
v0x5651bb6409c0_0 .net "Co", 0 0, L_0x5651bb66ad20;  1 drivers
v0x5651bb63f000_0 .net "So", 0 0, L_0x5651bb66ae60;  1 drivers
v0x5651bb62d3b0_0 .net "a_ab", 0 0, L_0x5651bb66aa40;  1 drivers
v0x5651bb62b9f0_0 .net "cout_t", 0 0, L_0x5651bb66ab50;  1 drivers
v0x5651bb660dd0_0 .net "x_ab", 0 0, L_0x5651bb66a9d0;  1 drivers
S_0x5651bb660f30 .scope module, "sum_n1" "sumadorOneBit" 4 20, 5 1 0, S_0x5651bb6434c0;
 .timescale 0 0;
    .port_info 0 /INPUT 1 "A";
    .port_info 1 /INPUT 1 "B";
    .port_info 2 /INPUT 1 "Cin";
    .port_info 3 /OUTPUT 1 "Co";
    .port_info 4 /OUTPUT 1 "So";
L_0x5651bb66b060 .functor XOR 1, L_0x5651bb66b4d0, L_0x5651bb66b610, C4<0>, C4<0>;
L_0x5651bb66b0d0 .functor AND 1, L_0x5651bb66b4d0, L_0x5651bb66b610, C4<1>, C4<1>;
L_0x5651bb66b210 .functor AND 1, L_0x5651bb66b060, L_0x5651bb66b6b0, C4<1>, C4<1>;
L_0x5651bb66b2d0 .functor OR 1, L_0x5651bb66b210, L_0x5651bb66b0d0, C4<0>, C4<0>;
L_0x5651bb66b410 .functor XOR 1, L_0x5651bb66b060, L_0x5651bb66b6b0, C4<0>, C4<0>;
v0x5651bb6610e0_0 .net "A", 0 0, L_0x5651bb66b4d0;  1 drivers
v0x5651bb6611a0_0 .net "B", 0 0, L_0x5651bb66b610;  1 drivers
v0x5651bb661260_0 .net "Cin", 0 0, L_0x5651bb66b6b0;  1 drivers
v0x5651bb661300_0 .net "Co", 0 0, L_0x5651bb66b2d0;  1 drivers
v0x5651bb6613c0_0 .net "So", 0 0, L_0x5651bb66b410;  1 drivers
v0x5651bb661480_0 .net "a_ab", 0 0, L_0x5651bb66b0d0;  1 drivers
v0x5651bb661540_0 .net "cout_t", 0 0, L_0x5651bb66b210;  1 drivers
v0x5651bb661600_0 .net "x_ab", 0 0, L_0x5651bb66b060;  1 drivers
S_0x5651bb661760 .scope module, "sum_n2" "sumadorOneBit" 4 21, 5 1 0, S_0x5651bb6434c0;
 .timescale 0 0;
    .port_info 0 /INPUT 1 "A";
    .port_info 1 /INPUT 1 "B";
    .port_info 2 /INPUT 1 "Cin";
    .port_info 3 /OUTPUT 1 "Co";
    .port_info 4 /OUTPUT 1 "So";
L_0x5651bb66b750 .functor XOR 1, L_0x5651bb66bba0, L_0x5651bb66bc40, C4<0>, C4<0>;
L_0x5651bb66b7f0 .functor AND 1, L_0x5651bb66bba0, L_0x5651bb66bc40, C4<1>, C4<1>;
L_0x5651bb66b8e0 .functor AND 1, L_0x5651bb66b750, L_0x5651bb66bd50, C4<1>, C4<1>;
L_0x5651bb66b9a0 .functor OR 1, L_0x5651bb66b8e0, L_0x5651bb66b7f0, C4<0>, C4<0>;
L_0x5651bb66bae0 .functor XOR 1, L_0x5651bb66b750, L_0x5651bb66bd50, C4<0>, C4<0>;
v0x5651bb6618f0_0 .net "A", 0 0, L_0x5651bb66bba0;  1 drivers
v0x5651bb6619b0_0 .net "B", 0 0, L_0x5651bb66bc40;  1 drivers
v0x5651bb661a70_0 .net "Cin", 0 0, L_0x5651bb66bd50;  1 drivers
v0x5651bb661b10_0 .net "Co", 0 0, L_0x5651bb66b9a0;  1 drivers
v0x5651bb661bd0_0 .net "So", 0 0, L_0x5651bb66bae0;  1 drivers
v0x5651bb661ce0_0 .net "a_ab", 0 0, L_0x5651bb66b7f0;  1 drivers
v0x5651bb661da0_0 .net "cout_t", 0 0, L_0x5651bb66b8e0;  1 drivers
v0x5651bb661e60_0 .net "x_ab", 0 0, L_0x5651bb66b750;  1 drivers
S_0x5651bb661fc0 .scope module, "sum_n3" "sumadorOneBit" 4 22, 5 1 0, S_0x5651bb6434c0;
 .timescale 0 0;
    .port_info 0 /INPUT 1 "A";
    .port_info 1 /INPUT 1 "B";
    .port_info 2 /INPUT 1 "Cin";
    .port_info 3 /OUTPUT 1 "Co";
    .port_info 4 /OUTPUT 1 "So";
L_0x5651bb66bdf0 .functor XOR 1, L_0x5651bb66c2b0, L_0x5651bb66c3e0, C4<0>, C4<0>;
L_0x5651bb66be60 .functor AND 1, L_0x5651bb66c2b0, L_0x5651bb66c3e0, C4<1>, C4<1>;
L_0x5651bb66bfa0 .functor AND 1, L_0x5651bb66bdf0, L_0x5651bb66c480, C4<1>, C4<1>;
L_0x5651bb66c060 .functor OR 1, L_0x5651bb66bfa0, L_0x5651bb66be60, C4<0>, C4<0>;
L_0x5651bb66c1f0 .functor XOR 1, L_0x5651bb66bdf0, L_0x5651bb66c480, C4<0>, C4<0>;
v0x5651bb6621a0_0 .net "A", 0 0, L_0x5651bb66c2b0;  1 drivers
v0x5651bb662280_0 .net "B", 0 0, L_0x5651bb66c3e0;  1 drivers
v0x5651bb662340_0 .net "Cin", 0 0, L_0x5651bb66c480;  1 drivers
v0x5651bb662410_0 .net "Co", 0 0, L_0x5651bb66c060;  alias, 1 drivers
v0x5651bb6624d0_0 .net "So", 0 0, L_0x5651bb66c1f0;  1 drivers
v0x5651bb6625e0_0 .net "a_ab", 0 0, L_0x5651bb66be60;  1 drivers
v0x5651bb6626a0_0 .net "cout_t", 0 0, L_0x5651bb66bfa0;  1 drivers
v0x5651bb662760_0 .net "x_ab", 0 0, L_0x5651bb66bdf0;  1 drivers
S_0x5651bb6637e0 .scope module, "sr4" "sumador_Restador4bit" 3 20, 4 2 0, S_0x5651bb639380;
 .timescale 0 0;
    .port_info 0 /INPUT 4 "A";
    .port_info 1 /INPUT 4 "B";
    .port_info 2 /INPUT 1 "Sel";
    .port_info 3 /OUTPUT 4 "So";
    .port_info 4 /OUTPUT 1 "Co";
L_0x5651bb667a90 .functor XOR 1, L_0x5651bb6679f0, o0x7f92b8913dc8, C4<0>, C4<0>;
L_0x5651bb667c10 .functor XOR 1, L_0x5651bb667b70, o0x7f92b8913dc8, C4<0>, C4<0>;
L_0x5651bb667e90 .functor XOR 1, L_0x5651bb667d60, o0x7f92b8913dc8, C4<0>, C4<0>;
L_0x5651bb668110 .functor XOR 1, L_0x5651bb668070, o0x7f92b8913dc8, C4<0>, C4<0>;
v0x5651bb665f50_0 .net "A", 3 0, o0x7f92b8914728;  alias, 0 drivers
v0x5651bb666050_0 .net "B", 3 0, o0x7f92b8914758;  alias, 0 drivers
v0x5651bb666130_0 .net "Bx", 3 0, L_0x5651bb667f00;  1 drivers
v0x5651bb6661f0_0 .net "Co", 0 0, L_0x5651bb6699c0;  alias, 1 drivers
v0x5651bb6662c0_0 .net "Cout", 3 0, L_0x5651bb66c8d0;  1 drivers
v0x5651bb6663d0_0 .net "Sel", 0 0, o0x7f92b8913dc8;  alias, 0 drivers
v0x5651bb666470_0 .net "So", 3 0, L_0x5651bb669eb0;  alias, 1 drivers
v0x5651bb666540_0 .net *"_ivl_10", 0 0, L_0x5651bb667c10;  1 drivers
v0x5651bb666600_0 .net *"_ivl_15", 0 0, L_0x5651bb667d60;  1 drivers
v0x5651bb666770_0 .net *"_ivl_16", 0 0, L_0x5651bb667e90;  1 drivers
v0x5651bb666850_0 .net *"_ivl_22", 0 0, L_0x5651bb668070;  1 drivers
v0x5651bb666930_0 .net *"_ivl_23", 0 0, L_0x5651bb668110;  1 drivers
v0x5651bb666a10_0 .net *"_ivl_3", 0 0, L_0x5651bb6679f0;  1 drivers
v0x5651bb666af0_0 .net *"_ivl_4", 0 0, L_0x5651bb667a90;  1 drivers
o0x7f92b8914938 .functor BUFZ 1, C4<z>; HiZ drive
; Elide local net with no drivers, v0x5651bb666bd0_0 name=_ivl_64
v0x5651bb666cb0_0 .net *"_ivl_9", 0 0, L_0x5651bb667b70;  1 drivers
L_0x5651bb6679f0 .part o0x7f92b8914758, 0, 1;
L_0x5651bb667b70 .part o0x7f92b8914758, 1, 1;
L_0x5651bb667d60 .part o0x7f92b8914758, 2, 1;
L_0x5651bb667f00 .concat8 [ 1 1 1 1], L_0x5651bb667a90, L_0x5651bb667c10, L_0x5651bb667e90, L_0x5651bb668110;
L_0x5651bb668070 .part o0x7f92b8914758, 3, 1;
L_0x5651bb668780 .part o0x7f92b8914728, 0, 1;
L_0x5651bb6688b0 .part L_0x5651bb667f00, 0, 1;
L_0x5651bb668db0 .part o0x7f92b8914728, 1, 1;
L_0x5651bb668ea0 .part L_0x5651bb667f00, 1, 1;
L_0x5651bb668f40 .part L_0x5651bb66c8d0, 0, 1;
L_0x5651bb6694c0 .part o0x7f92b8914728, 2, 1;
L_0x5651bb669560 .part L_0x5651bb667f00, 2, 1;
L_0x5651bb669700 .part L_0x5651bb66c8d0, 1, 1;
L_0x5651bb669bc0 .part o0x7f92b8914728, 3, 1;
L_0x5651bb669ce0 .part L_0x5651bb667f00, 3, 1;
L_0x5651bb669d80 .part L_0x5651bb66c8d0, 2, 1;
L_0x5651bb669eb0 .concat8 [ 1 1 1 1], L_0x5651bb668600, L_0x5651bb668cf0, L_0x5651bb669400, L_0x5651bb669b00;
L_0x5651bb66c8d0 .concat [ 1 1 1 1], L_0x5651bb6684c0, L_0x5651bb668be0, L_0x5651bb6692c0, o0x7f92b8914938;
S_0x5651bb663990 .scope module, "sum_n0" "sumadorOneBit" 4 19, 5 1 0, S_0x5651bb6637e0;
 .timescale 0 0;
    .port_info 0 /INPUT 1 "A";
    .port_info 1 /INPUT 1 "B";
    .port_info 2 /INPUT 1 "Cin";
    .port_info 3 /OUTPUT 1 "Co";
    .port_info 4 /OUTPUT 1 "So";
L_0x5651bb668250 .functor XOR 1, L_0x5651bb668780, L_0x5651bb6688b0, C4<0>, C4<0>;
L_0x5651bb6682c0 .functor AND 1, L_0x5651bb668780, L_0x5651bb6688b0, C4<1>, C4<1>;
L_0x5651bb668400 .functor AND 1, L_0x5651bb668250, o0x7f92b8913dc8, C4<1>, C4<1>;
L_0x5651bb6684c0 .functor OR 1, L_0x5651bb668400, L_0x5651bb6682c0, C4<0>, C4<0>;
L_0x5651bb668600 .functor XOR 1, L_0x5651bb668250, o0x7f92b8913dc8, C4<0>, C4<0>;
v0x5651bb663ba0_0 .net "A", 0 0, L_0x5651bb668780;  1 drivers
v0x5651bb663c80_0 .net "B", 0 0, L_0x5651bb6688b0;  1 drivers
v0x5651bb663d40_0 .net "Cin", 0 0, o0x7f92b8913dc8;  alias, 0 drivers
v0x5651bb663e10_0 .net "Co", 0 0, L_0x5651bb6684c0;  1 drivers
v0x5651bb663ed0_0 .net "So", 0 0, L_0x5651bb668600;  1 drivers
v0x5651bb663fe0_0 .net "a_ab", 0 0, L_0x5651bb6682c0;  1 drivers
v0x5651bb6640a0_0 .net "cout_t", 0 0, L_0x5651bb668400;  1 drivers
v0x5651bb664160_0 .net "x_ab", 0 0, L_0x5651bb668250;  1 drivers
S_0x5651bb6642c0 .scope module, "sum_n1" "sumadorOneBit" 4 20, 5 1 0, S_0x5651bb6637e0;
 .timescale 0 0;
    .port_info 0 /INPUT 1 "A";
    .port_info 1 /INPUT 1 "B";
    .port_info 2 /INPUT 1 "Cin";
    .port_info 3 /OUTPUT 1 "Co";
    .port_info 4 /OUTPUT 1 "So";
L_0x5651bb6689a0 .functor XOR 1, L_0x5651bb668db0, L_0x5651bb668ea0, C4<0>, C4<0>;
L_0x5651bb668a10 .functor AND 1, L_0x5651bb668db0, L_0x5651bb668ea0, C4<1>, C4<1>;
L_0x5651bb668b20 .functor AND 1, L_0x5651bb6689a0, L_0x5651bb668f40, C4<1>, C4<1>;
L_0x5651bb668be0 .functor OR 1, L_0x5651bb668b20, L_0x5651bb668a10, C4<0>, C4<0>;
L_0x5651bb668cf0 .functor XOR 1, L_0x5651bb6689a0, L_0x5651bb668f40, C4<0>, C4<0>;
v0x5651bb664540_0 .net "A", 0 0, L_0x5651bb668db0;  1 drivers
v0x5651bb664600_0 .net "B", 0 0, L_0x5651bb668ea0;  1 drivers
v0x5651bb6646c0_0 .net "Cin", 0 0, L_0x5651bb668f40;  1 drivers
v0x5651bb664790_0 .net "Co", 0 0, L_0x5651bb668be0;  1 drivers
v0x5651bb664850_0 .net "So", 0 0, L_0x5651bb668cf0;  1 drivers
v0x5651bb664960_0 .net "a_ab", 0 0, L_0x5651bb668a10;  1 drivers
v0x5651bb664a20_0 .net "cout_t", 0 0, L_0x5651bb668b20;  1 drivers
v0x5651bb664ae0_0 .net "x_ab", 0 0, L_0x5651bb6689a0;  1 drivers
S_0x5651bb664c40 .scope module, "sum_n2" "sumadorOneBit" 4 21, 5 1 0, S_0x5651bb6637e0;
 .timescale 0 0;
    .port_info 0 /INPUT 1 "A";
    .port_info 1 /INPUT 1 "B";
    .port_info 2 /INPUT 1 "Cin";
    .port_info 3 /OUTPUT 1 "Co";
    .port_info 4 /OUTPUT 1 "So";
L_0x5651bb669040 .functor XOR 1, L_0x5651bb6694c0, L_0x5651bb669560, C4<0>, C4<0>;
L_0x5651bb669110 .functor AND 1, L_0x5651bb6694c0, L_0x5651bb669560, C4<1>, C4<1>;
L_0x5651bb669200 .functor AND 1, L_0x5651bb669040, L_0x5651bb669700, C4<1>, C4<1>;
L_0x5651bb6692c0 .functor OR 1, L_0x5651bb669200, L_0x5651bb669110, C4<0>, C4<0>;
L_0x5651bb669400 .functor XOR 1, L_0x5651bb669040, L_0x5651bb669700, C4<0>, C4<0>;
v0x5651bb664ed0_0 .net "A", 0 0, L_0x5651bb6694c0;  1 drivers
v0x5651bb664f90_0 .net "B", 0 0, L_0x5651bb669560;  1 drivers
v0x5651bb665050_0 .net "Cin", 0 0, L_0x5651bb669700;  1 drivers
v0x5651bb665120_0 .net "Co", 0 0, L_0x5651bb6692c0;  1 drivers
v0x5651bb6651e0_0 .net "So", 0 0, L_0x5651bb669400;  1 drivers
v0x5651bb6652f0_0 .net "a_ab", 0 0, L_0x5651bb669110;  1 drivers
v0x5651bb6653b0_0 .net "cout_t", 0 0, L_0x5651bb669200;  1 drivers
v0x5651bb665470_0 .net "x_ab", 0 0, L_0x5651bb669040;  1 drivers
S_0x5651bb6655d0 .scope module, "sum_n3" "sumadorOneBit" 4 22, 5 1 0, S_0x5651bb6637e0;
 .timescale 0 0;
    .port_info 0 /INPUT 1 "A";
    .port_info 1 /INPUT 1 "B";
    .port_info 2 /INPUT 1 "Cin";
    .port_info 3 /OUTPUT 1 "Co";
    .port_info 4 /OUTPUT 1 "So";
L_0x5651bb6697a0 .functor XOR 1, L_0x5651bb669bc0, L_0x5651bb669ce0, C4<0>, C4<0>;
L_0x5651bb669810 .functor AND 1, L_0x5651bb669bc0, L_0x5651bb669ce0, C4<1>, C4<1>;
L_0x5651bb669900 .functor AND 1, L_0x5651bb6697a0, L_0x5651bb669d80, C4<1>, C4<1>;
L_0x5651bb6699c0 .functor OR 1, L_0x5651bb669900, L_0x5651bb669810, C4<0>, C4<0>;
L_0x5651bb669b00 .functor XOR 1, L_0x5651bb6697a0, L_0x5651bb669d80, C4<0>, C4<0>;
v0x5651bb665830_0 .net "A", 0 0, L_0x5651bb669bc0;  1 drivers
v0x5651bb665910_0 .net "B", 0 0, L_0x5651bb669ce0;  1 drivers
v0x5651bb6659d0_0 .net "Cin", 0 0, L_0x5651bb669d80;  1 drivers
v0x5651bb665aa0_0 .net "Co", 0 0, L_0x5651bb6699c0;  alias, 1 drivers
v0x5651bb665b60_0 .net "So", 0 0, L_0x5651bb669b00;  1 drivers
v0x5651bb665c70_0 .net "a_ab", 0 0, L_0x5651bb669810;  1 drivers
v0x5651bb665d30_0 .net "cout_t", 0 0, L_0x5651bb669900;  1 drivers
v0x5651bb665df0_0 .net "x_ab", 0 0, L_0x5651bb6697a0;  1 drivers
# The file index is used to find the file name in the following table.
:file_names 6;
    "N/A";
    "<interactive>";
    "-";
    "echt/sum_rest_top.v";
    "echt/sumador_Restador_4bit.v";
    "echt/sumador_1bit.v";
