#! /usr/bin/vvp
:ivl_version "12.0 (stable)" "(v12_0-dirty)";
:ivl_delay_selection "TYPICAL";
:vpi_time_precision + 0;
:vpi_module "/usr/lib/ivl/system.vpi";
:vpi_module "/usr/lib/ivl/vhdl_sys.vpi";
:vpi_module "/usr/lib/ivl/vhdl_textio.vpi";
:vpi_module "/usr/lib/ivl/v2005_math.vpi";
:vpi_module "/usr/lib/ivl/va_math.vpi";
:vpi_module "/usr/lib/ivl/v2009.vpi";
S_0x5560d0032e40 .scope package, "$unit" "$unit" 2 1;
 .timescale 0 0;
S_0x5560d0040fb0 .scope module, "sumador4Bits" "sumador4Bits" 3 5;
 .timescale 0 0;
    .port_info 0 /INPUT 4 "A";
    .port_info 1 /INPUT 4 "B";
    .port_info 2 /INPUT 1 "Cin";
    .port_info 3 /OUTPUT 4 "So";
    .port_info 4 /OUTPUT 1 "Co";
o0x7f584d8c3948 .functor BUFZ 4, C4<zzzz>; HiZ drive
v0x5560d005cb50_0 .net "A", 3 0, o0x7f584d8c3948;  0 drivers
o0x7f584d8c3978 .functor BUFZ 4, C4<zzzz>; HiZ drive
v0x5560d005cc50_0 .net "B", 3 0, o0x7f584d8c3978;  0 drivers
v0x5560d005cd30_0 .net "C1", 0 0, L_0x5560d005d5c0;  1 drivers
v0x5560d005ce20_0 .net "C2", 0 0, L_0x5560d005db50;  1 drivers
v0x5560d005cf10_0 .net "C3", 0 0, L_0x5560d005e190;  1 drivers
o0x7f584d8c3078 .functor BUFZ 1, C4<z>; HiZ drive
v0x5560d005d050_0 .net "Cin", 0 0, o0x7f584d8c3078;  0 drivers
v0x5560d005d0f0_0 .net "Co", 0 0, L_0x5560d005e740;  1 drivers
v0x5560d005d190_0 .net "So", 3 0, L_0x5560d005eb70;  1 drivers
L_0x5560d005d770 .part o0x7f584d8c3948, 0, 1;
L_0x5560d005d810 .part o0x7f584d8c3978, 0, 1;
L_0x5560d005dcb0 .part o0x7f584d8c3948, 1, 1;
L_0x5560d005dda0 .part o0x7f584d8c3978, 1, 1;
L_0x5560d005e2f0 .part o0x7f584d8c3948, 2, 1;
L_0x5560d005e390 .part o0x7f584d8c3978, 2, 1;
L_0x5560d005e8c0 .part o0x7f584d8c3948, 3, 1;
L_0x5560d005e9f0 .part o0x7f584d8c3978, 3, 1;
L_0x5560d005eb70 .concat8 [ 1 1 1 1], L_0x5560d005d700, L_0x5560d005dc40, L_0x5560d005e280, L_0x5560d005e850;
S_0x5560d0041140 .scope module, "S0" "sumador1Bit" 3 16, 4 1 0, S_0x5560d0040fb0;
 .timescale 0 0;
    .port_info 0 /INPUT 1 "A";
    .port_info 1 /INPUT 1 "B";
    .port_info 2 /INPUT 1 "Cin";
    .port_info 3 /OUTPUT 1 "Co";
    .port_info 4 /OUTPUT 1 "So";
L_0x5560d005d2b0 .functor XOR 1, L_0x5560d005d770, L_0x5560d005d810, C4<0>, C4<0>;
L_0x5560d005d370 .functor AND 1, L_0x5560d005d770, L_0x5560d005d810, C4<1>, C4<1>;
L_0x5560d005d4b0 .functor AND 1, L_0x5560d005d2b0, o0x7f584d8c3078, C4<1>, C4<1>;
L_0x5560d005d5c0 .functor OR 1, L_0x5560d005d4b0, L_0x5560d005d370, C4<0>, C4<0>;
L_0x5560d005d700 .functor XOR 1, L_0x5560d005d2b0, o0x7f584d8c3078, C4<0>, C4<0>;
v0x5560d0035640_0 .net "A", 0 0, L_0x5560d005d770;  1 drivers
v0x5560d0034400_0 .net "B", 0 0, L_0x5560d005d810;  1 drivers
v0x5560d00331c0_0 .net "Cin", 0 0, o0x7f584d8c3078;  alias, 0 drivers
v0x5560d0031f50_0 .net "Co", 0 0, L_0x5560d005d5c0;  alias, 1 drivers
v0x5560d005ad40_0 .net "So", 0 0, L_0x5560d005d700;  1 drivers
v0x5560d005ae50_0 .net "a_ab", 0 0, L_0x5560d005d370;  1 drivers
v0x5560d005af10_0 .net "cout_t", 0 0, L_0x5560d005d4b0;  1 drivers
v0x5560d005afd0_0 .net "x_ab", 0 0, L_0x5560d005d2b0;  1 drivers
S_0x5560d005b130 .scope module, "S1" "sumador1Bit" 3 17, 4 1 0, S_0x5560d0040fb0;
 .timescale 0 0;
    .port_info 0 /INPUT 1 "A";
    .port_info 1 /INPUT 1 "B";
    .port_info 2 /INPUT 1 "Cin";
    .port_info 3 /OUTPUT 1 "Co";
    .port_info 4 /OUTPUT 1 "So";
L_0x5560d005d8b0 .functor XOR 1, L_0x5560d005dcb0, L_0x5560d005dda0, C4<0>, C4<0>;
L_0x5560d005d950 .functor AND 1, L_0x5560d005dcb0, L_0x5560d005dda0, C4<1>, C4<1>;
L_0x5560d005da90 .functor AND 1, L_0x5560d005d8b0, L_0x5560d005d5c0, C4<1>, C4<1>;
L_0x5560d005db50 .functor OR 1, L_0x5560d005da90, L_0x5560d005d950, C4<0>, C4<0>;
L_0x5560d005dc40 .functor XOR 1, L_0x5560d005d8b0, L_0x5560d005d5c0, C4<0>, C4<0>;
v0x5560d005b330_0 .net "A", 0 0, L_0x5560d005dcb0;  1 drivers
v0x5560d005b3f0_0 .net "B", 0 0, L_0x5560d005dda0;  1 drivers
v0x5560d005b4b0_0 .net "Cin", 0 0, L_0x5560d005d5c0;  alias, 1 drivers
v0x5560d005b550_0 .net "Co", 0 0, L_0x5560d005db50;  alias, 1 drivers
v0x5560d005b5f0_0 .net "So", 0 0, L_0x5560d005dc40;  1 drivers
v0x5560d005b6e0_0 .net "a_ab", 0 0, L_0x5560d005d950;  1 drivers
v0x5560d005b7a0_0 .net "cout_t", 0 0, L_0x5560d005da90;  1 drivers
v0x5560d005b860_0 .net "x_ab", 0 0, L_0x5560d005d8b0;  1 drivers
S_0x5560d005b9c0 .scope module, "S2" "sumador1Bit" 3 18, 4 1 0, S_0x5560d0040fb0;
 .timescale 0 0;
    .port_info 0 /INPUT 1 "A";
    .port_info 1 /INPUT 1 "B";
    .port_info 2 /INPUT 1 "Cin";
    .port_info 3 /OUTPUT 1 "Co";
    .port_info 4 /OUTPUT 1 "So";
L_0x5560d005dec0 .functor XOR 1, L_0x5560d005e2f0, L_0x5560d005e390, C4<0>, C4<0>;
L_0x5560d005df30 .functor AND 1, L_0x5560d005e2f0, L_0x5560d005e390, C4<1>, C4<1>;
L_0x5560d005e040 .functor AND 1, L_0x5560d005dec0, L_0x5560d005db50, C4<1>, C4<1>;
L_0x5560d005e190 .functor OR 1, L_0x5560d005e040, L_0x5560d005df30, C4<0>, C4<0>;
L_0x5560d005e280 .functor XOR 1, L_0x5560d005dec0, L_0x5560d005db50, C4<0>, C4<0>;
v0x5560d005bba0_0 .net "A", 0 0, L_0x5560d005e2f0;  1 drivers
v0x5560d005bc60_0 .net "B", 0 0, L_0x5560d005e390;  1 drivers
v0x5560d005bd20_0 .net "Cin", 0 0, L_0x5560d005db50;  alias, 1 drivers
v0x5560d005bdf0_0 .net "Co", 0 0, L_0x5560d005e190;  alias, 1 drivers
v0x5560d005be90_0 .net "So", 0 0, L_0x5560d005e280;  1 drivers
v0x5560d005bf80_0 .net "a_ab", 0 0, L_0x5560d005df30;  1 drivers
v0x5560d005c040_0 .net "cout_t", 0 0, L_0x5560d005e040;  1 drivers
v0x5560d005c100_0 .net "x_ab", 0 0, L_0x5560d005dec0;  1 drivers
S_0x5560d005c260 .scope module, "S3" "sumador1Bit" 3 19, 4 1 0, S_0x5560d0040fb0;
 .timescale 0 0;
    .port_info 0 /INPUT 1 "A";
    .port_info 1 /INPUT 1 "B";
    .port_info 2 /INPUT 1 "Cin";
    .port_info 3 /OUTPUT 1 "Co";
    .port_info 4 /OUTPUT 1 "So";
L_0x5560d005e470 .functor XOR 1, L_0x5560d005e8c0, L_0x5560d005e9f0, C4<0>, C4<0>;
L_0x5560d005e4e0 .functor AND 1, L_0x5560d005e8c0, L_0x5560d005e9f0, C4<1>, C4<1>;
L_0x5560d005e5f0 .functor AND 1, L_0x5560d005e470, L_0x5560d005e190, C4<1>, C4<1>;
L_0x5560d005e740 .functor OR 1, L_0x5560d005e5f0, L_0x5560d005e4e0, C4<0>, C4<0>;
L_0x5560d005e850 .functor XOR 1, L_0x5560d005e470, L_0x5560d005e190, C4<0>, C4<0>;
v0x5560d005c440_0 .net "A", 0 0, L_0x5560d005e8c0;  1 drivers
v0x5560d005c520_0 .net "B", 0 0, L_0x5560d005e9f0;  1 drivers
v0x5560d005c5e0_0 .net "Cin", 0 0, L_0x5560d005e190;  alias, 1 drivers
v0x5560d005c6e0_0 .net "Co", 0 0, L_0x5560d005e740;  alias, 1 drivers
v0x5560d005c780_0 .net "So", 0 0, L_0x5560d005e850;  1 drivers
v0x5560d005c870_0 .net "a_ab", 0 0, L_0x5560d005e4e0;  1 drivers
v0x5560d005c930_0 .net "cout_t", 0 0, L_0x5560d005e5f0;  1 drivers
v0x5560d005c9f0_0 .net "x_ab", 0 0, L_0x5560d005e470;  1 drivers
# The file index is used to find the file name in the following table.
:file_names 5;
    "N/A";
    "<interactive>";
    "-";
    "echt/sumador4Bits.v";
    "echt/sumador_1bit.v";
